// Jest Snapshot v1, https://goo.gl/fbAQLP

exports[`HomeScreen renders without crashing 1`] = `
<View
  style={
    Object {
      "flex": 1,
    }
  }
>
  <View
    style={
      Object {
        "backgroundColor": "#E1E2E1",
        "flex": 1,
      }
    }
  >
    <Text
      style={
        Object {
          "color": "#006064",
          "fontSize": 10,
          "fontWeight": "bold",
          "paddingLeft": 10,
          "paddingTop": 10,
        }
      }
    >
      Javascript Developers lagos
    </Text>
    <Text>
      Loading...
    </Text>
  </View>
</View>
`;
