// Jest Snapshot v1, https://goo.gl/fbAQLP

exports[`HomeScreen renders without crashing 1`] = `
<View
  style={
    Object {
      "flex": 1,
      "marginTop": 35,
    }
  }
>
  <View
    style={
      Object {
        "alignItems": "center",
        "backgroundColor": "#006064",
        "height": 80,
        "justifyContent": "center",
        "paddingTop": 20,
      }
    }
  >
    <Text
      style={
        Object {
          "color": "#ffffff",
          "fontSize": 18,
          "fontWeight": "bold",
        }
      }
    >
      Code Lab
    </Text>
  </View>
  <View
    style={
      Object {
        "backgroundColor": "#E1E2E1",
        "flex": 1,
      }
    }
  >
    <Text
      style={
        Object {
          "color": "#006064",
          "fontSize": 10,
          "fontWeight": "bold",
          "paddingLeft": 10,
          "paddingTop": 10,
        }
      }
    >
      Javascript Developers lagos
    </Text>
    <View
      style={
        Object {
          "backgroundColor": "#FFFFFF",
          "borderRadius": 6.33,
          "flexDirection": "row",
          "height": 83.65,
          "justifyContent": "space-evenly",
          "marginHorizontal": 18,
          "marginTop": 15,
          "width": 331.41,
        }
      }
    >
      <View
        style={
          Object {
            "alignItems": "center",
            "flex": 1,
            "flexDirection": "row",
            "justifyContent": "space-around",
          }
        }
      >
        <Image
          source={1}
          style={
            Object {
              "borderRadius": 25,
              "height": 60,
              "width": 60,
            }
          }
        />
        <View>
          <Text>
            Sulaiman Sanusi
          </Text>
          <View>
            <Text>
              <Image
                source={1}
                style={
                  Object {
                    "height": 12,
                    "width": 12,
                  }
                }
              />
               
              ssanusi
            </Text>
          </View>
        </View>
        <View>
          <Image
            source={1}
            style={
              Object {
                "height": 30,
                "width": 30,
              }
            }
          />
        </View>
        <View />
      </View>
    </View>
  </View>
</View>
`;
